Analysis & Synthesis report for ula-sd
Tue Oct 04 08:07:44 2016
Quartus II 64-Bit Version 13.0.1 Build 232 06/12/2013 Service Pack 1 SJ Web Edition


---------------------
; Table of Contents ;
---------------------
  1. Legal Notice
  2. Analysis & Synthesis Summary
  3. Analysis & Synthesis Settings
  4. Parallel Compilation
  5. Analysis & Synthesis Source Files Read
  6. Analysis & Synthesis Resource Usage Summary
  7. Analysis & Synthesis Resource Utilization by Entity
  8. General Register Statistics
  9. Elapsed Time Per Partition
 10. Analysis & Synthesis Messages



----------------
; Legal Notice ;
----------------
Copyright (C) 1991-2013 Altera Corporation
Your use of Altera Corporation's design tools, logic functions 
and other software and tools, and its AMPP partner logic 
functions, and any output files from any of the foregoing 
(including device programming or simulation files), and any 
associated documentation or information are expressly subject 
to the terms and conditions of the Altera Program License 
Subscription Agreement, Altera MegaCore Function License 
Agreement, or other applicable license agreement, including, 
without limitation, that your use is for the sole purpose of 
programming logic devices manufactured by Altera and sold by 
Altera or its authorized distributors.  Please refer to the 
applicable agreement for further details.



+-------------------------------------------------------------------------------------+
; Analysis & Synthesis Summary                                                        ;
+-----------------------------------+-------------------------------------------------+
; Analysis & Synthesis Status       ; Successful - Tue Oct 04 08:07:44 2016           ;
; Quartus II 64-Bit Version         ; 13.0.1 Build 232 06/12/2013 SP 1 SJ Web Edition ;
; Revision Name                     ; ula-sd                                          ;
; Top-level Entity Name             ; subtrator-sd                                    ;
; Family                            ; Arria II GX                                     ;
; Logic utilization                 ; N/A                                             ;
;     Combinational ALUTs           ; 22                                              ;
;     Memory ALUTs                  ; 0                                               ;
;     Dedicated logic registers     ; 0                                               ;
; Total registers                   ; 0                                               ;
; Total pins                        ; 16                                              ;
; Total virtual pins                ; 0                                               ;
; Total block memory bits           ; 0                                               ;
; DSP block 18-bit elements         ; 0                                               ;
; Total GXB Receiver Channel PCS    ; 0                                               ;
; Total GXB Receiver Channel PMA    ; 0                                               ;
; Total GXB Transmitter Channel PCS ; 0                                               ;
; Total GXB Transmitter Channel PMA ; 0                                               ;
; Total PLLs                        ; 0                                               ;
; Total DLLs                        ; 0                                               ;
+-----------------------------------+-------------------------------------------------+


+---------------------------------------------------------------------------------------------------------------------------+
; Analysis & Synthesis Settings                                                                                             ;
+---------------------------------------------------------------------------------+--------------------+--------------------+
; Option                                                                          ; Setting            ; Default Value      ;
+---------------------------------------------------------------------------------+--------------------+--------------------+
; Top-level entity name                                                           ; subtrator-sd       ; ula-sd             ;
; Family name                                                                     ; Arria II GX        ; Cyclone IV GX      ;
; Use smart compilation                                                           ; Off                ; Off                ;
; Enable parallel Assembler and TimeQuest Timing Analyzer during compilation      ; On                 ; On                 ;
; Enable compact report table                                                     ; Off                ; Off                ;
; Restructure Multiplexers                                                        ; Auto               ; Auto               ;
; MLAB Add Timing Constraints For Mixed-Port Feed-Through Mode Setting Don't Care ; Off                ; Off                ;
; Create Debugging Nodes for IP Cores                                             ; Off                ; Off                ;
; Preserve fewer node names                                                       ; On                 ; On                 ;
; Disable OpenCore Plus hardware evaluation                                       ; Off                ; Off                ;
; Verilog Version                                                                 ; Verilog_2001       ; Verilog_2001       ;
; VHDL Version                                                                    ; VHDL_1993          ; VHDL_1993          ;
; State Machine Processing                                                        ; Auto               ; Auto               ;
; Safe State Machine                                                              ; Off                ; Off                ;
; Extract Verilog State Machines                                                  ; On                 ; On                 ;
; Extract VHDL State Machines                                                     ; On                 ; On                 ;
; Ignore Verilog initial constructs                                               ; Off                ; Off                ;
; Iteration limit for constant Verilog loops                                      ; 5000               ; 5000               ;
; Iteration limit for non-constant Verilog loops                                  ; 250                ; 250                ;
; Add Pass-Through Logic to Inferred RAMs                                         ; On                 ; On                 ;
; Infer RAMs from Raw Logic                                                       ; On                 ; On                 ;
; Parallel Synthesis                                                              ; On                 ; On                 ;
; DSP Block Balancing                                                             ; Auto               ; Auto               ;
; NOT Gate Push-Back                                                              ; On                 ; On                 ;
; Power-Up Don't Care                                                             ; On                 ; On                 ;
; Remove Redundant Logic Cells                                                    ; Off                ; Off                ;
; Remove Duplicate Registers                                                      ; On                 ; On                 ;
; Ignore CARRY Buffers                                                            ; Off                ; Off                ;
; Ignore CASCADE Buffers                                                          ; Off                ; Off                ;
; Ignore GLOBAL Buffers                                                           ; Off                ; Off                ;
; Ignore ROW GLOBAL Buffers                                                       ; Off                ; Off                ;
; Ignore LCELL Buffers                                                            ; Off                ; Off                ;
; Ignore SOFT Buffers                                                             ; On                 ; On                 ;
; Limit AHDL Integers to 32 Bits                                                  ; Off                ; Off                ;
; Optimization Technique                                                          ; Balanced           ; Balanced           ;
; Carry Chain Length                                                              ; 70                 ; 70                 ;
; Auto Carry Chains                                                               ; On                 ; On                 ;
; Auto Open-Drain Pins                                                            ; On                 ; On                 ;
; Perform WYSIWYG Primitive Resynthesis                                           ; Off                ; Off                ;
; Auto ROM Replacement                                                            ; On                 ; On                 ;
; Auto RAM Replacement                                                            ; On                 ; On                 ;
; Auto DSP Block Replacement                                                      ; On                 ; On                 ;
; Auto Shift Register Replacement                                                 ; Auto               ; Auto               ;
; Allow Shift Register Merging across Hierarchies                                 ; Auto               ; Auto               ;
; Auto Clock Enable Replacement                                                   ; On                 ; On                 ;
; Strict RAM Replacement                                                          ; Off                ; Off                ;
; Allow Synchronous Control Signals                                               ; On                 ; On                 ;
; Force Use of Synchronous Clear Signals                                          ; Off                ; Off                ;
; Auto RAM Block Balancing                                                        ; On                 ; On                 ;
; Auto RAM to Logic Cell Conversion                                               ; Off                ; Off                ;
; Auto Resource Sharing                                                           ; Off                ; Off                ;
; Allow Any RAM Size For Recognition                                              ; Off                ; Off                ;
; Allow Any ROM Size For Recognition                                              ; Off                ; Off                ;
; Allow Any Shift Register Size For Recognition                                   ; Off                ; Off                ;
; Use LogicLock Constraints during Resource Balancing                             ; On                 ; On                 ;
; Ignore translate_off and synthesis_off directives                               ; Off                ; Off                ;
; Timing-Driven Synthesis                                                         ; On                 ; On                 ;
; Report Parameter Settings                                                       ; On                 ; On                 ;
; Report Source Assignments                                                       ; On                 ; On                 ;
; Report Connectivity Checks                                                      ; On                 ; On                 ;
; Ignore Maximum Fan-Out Assignments                                              ; Off                ; Off                ;
; Synchronization Register Chain Length                                           ; 3                  ; 3                  ;
; PowerPlay Power Optimization                                                    ; Normal compilation ; Normal compilation ;
; HDL message level                                                               ; Level2             ; Level2             ;
; Suppress Register Optimization Related Messages                                 ; Off                ; Off                ;
; Number of Removed Registers Reported in Synthesis Report                        ; 5000               ; 5000               ;
; Number of Swept Nodes Reported in Synthesis Report                              ; 5000               ; 5000               ;
; Number of Inverted Registers Reported in Synthesis Report                       ; 100                ; 100                ;
; Clock MUX Protection                                                            ; On                 ; On                 ;
; Auto Gated Clock Conversion                                                     ; Off                ; Off                ;
; Block Design Naming                                                             ; Auto               ; Auto               ;
; SDC constraint protection                                                       ; Off                ; Off                ;
; Synthesis Effort                                                                ; Auto               ; Auto               ;
; Shift Register Replacement - Allow Asynchronous Clear Signal                    ; On                 ; On                 ;
; Pre-Mapping Resynthesis Optimization                                            ; Off                ; Off                ;
; Analysis & Synthesis Message Level                                              ; Medium             ; Medium             ;
; Disable Register Merging Across Hierarchies                                     ; Auto               ; Auto               ;
; Resource Aware Inference For Block RAM                                          ; On                 ; On                 ;
; Synthesis Seed                                                                  ; 1                  ; 1                  ;
+---------------------------------------------------------------------------------+--------------------+--------------------+


Parallel compilation was disabled, but you have multiple processors available. Enable parallel compilation to reduce compilation time.
+-------------------------------------+
; Parallel Compilation                ;
+----------------------------+--------+
; Processors                 ; Number ;
+----------------------------+--------+
; Number detected on machine ; 8      ;
; Maximum allowed            ; 1      ;
+----------------------------+--------+


+----------------------------------------------------------------------------------------------------------------------------------------------------------------------+
; Analysis & Synthesis Source Files Read                                                                                                                               ;
+----------------------------------+-----------------+------------------------------------+------------------------------------------------------------------+---------+
; File Name with User-Entered Path ; Used in Netlist ; File Type                          ; File Name with Absolute Path                                     ; Library ;
+----------------------------------+-----------------+------------------------------------+------------------------------------------------------------------+---------+
; subtrator-sd.bdf                 ; yes             ; User Block Diagram/Schematic File  ; C:/Users/ovict/Documents/sd-project/sd-project/subtrator-sd.bdf  ;         ;
; comparador-sd.bdf                ; yes             ; User Block Diagram/Schematic File  ; C:/Users/ovict/Documents/sd-project/sd-project/comparador-sd.bdf ;         ;
; compl-2-sd.bdf                   ; yes             ; User Block Diagram/Schematic File  ; C:/Users/ovict/Documents/sd-project/sd-project/compl-2-sd.bdf    ;         ;
; sum-bit.bdf                      ; yes             ; User Block Diagram/Schematic File  ; C:/Users/ovict/Documents/sd-project/sd-project/sum-bit.bdf       ;         ;
; sum-4-bit.bdf                    ; yes             ; User Block Diagram/Schematic File  ; C:/Users/ovict/Documents/sd-project/sd-project/sum-4-bit.bdf     ;         ;
; demux-4-sd.bdf                   ; yes             ; User Block Diagram/Schematic File  ; C:/Users/ovict/Documents/sd-project/sd-project/demux-4-sd.bdf    ;         ;
; cmpl-2-or-not.bdf                ; yes             ; User Block Diagram/Schematic File  ; C:/Users/ovict/Documents/sd-project/sd-project/cmpl-2-or-not.bdf ;         ;
+----------------------------------+-----------------+------------------------------------+------------------------------------------------------------------+---------+


+------------------------------------------------------------------------------+
; Analysis & Synthesis Resource Usage Summary                                  ;
+-----------------------------------------------+------------------------------+
; Resource                                      ; Usage                        ;
+-----------------------------------------------+------------------------------+
; Estimated ALUTs Used                          ; 22                           ;
;     -- Combinational ALUTs                    ; 22                           ;
;     -- Memory ALUTs                           ; 0                            ;
;     -- LUT_REGs                               ; 0                            ;
; Dedicated logic registers                     ; 0                            ;
;                                               ;                              ;
; Estimated ALUTs Unavailable                   ; 3                            ;
;     -- Due to unpartnered combinational logic ; 3                            ;
;     -- Due to Memory ALUTs                    ; 0                            ;
;                                               ;                              ;
; Total combinational functions                 ; 22                           ;
; Combinational ALUT usage by number of inputs  ;                              ;
;     -- 7 input functions                      ; 0                            ;
;     -- 6 input functions                      ; 3                            ;
;     -- 5 input functions                      ; 6                            ;
;     -- 4 input functions                      ; 9                            ;
;     -- <=3 input functions                    ; 4                            ;
;                                               ;                              ;
; Combinational ALUTs by mode                   ;                              ;
;     -- normal mode                            ; 22                           ;
;     -- extended LUT mode                      ; 0                            ;
;     -- arithmetic mode                        ; 0                            ;
;     -- shared arithmetic mode                 ; 0                            ;
;                                               ;                              ;
; Estimated ALUT/register pairs used            ; 25                           ;
;                                               ;                              ;
; Total registers                               ; 0                            ;
;     -- Dedicated logic registers              ; 0                            ;
;     -- I/O registers                          ; 0                            ;
;     -- LUT_REGs                               ; 0                            ;
;                                               ;                              ;
;                                               ;                              ;
; I/O pins                                      ; 16                           ;
; DSP block 18-bit elements                     ; 0                            ;
; Maximum fan-out node                          ; comparador-sd:inst15|inst9~0 ;
; Maximum fan-out                               ; 8                            ;
; Total fan-out                                 ; 116                          ;
; Average fan-out                               ; 2.15                         ;
+-----------------------------------------------+------------------------------+


+---------------------------------------------------------------------------------------------------------------------------------------------------------------------------------------------------------------------------------------------------------------------------+
; Analysis & Synthesis Resource Utilization by Entity                                                                                                                                                                                                                       ;
+-----------------------------+-------------------+--------------+-------------------+--------------+---------+-----------+-----------+-----------+------+--------------+------------------------------------------------------------------------------------+--------------+
; Compilation Hierarchy Node  ; LC Combinationals ; LC Registers ; Block Memory Bits ; DSP Elements ; DSP 9x9 ; DSP 12x12 ; DSP 18x18 ; DSP 36x36 ; Pins ; Virtual Pins ; Full Hierarchy Name                                                                ; Library Name ;
+-----------------------------+-------------------+--------------+-------------------+--------------+---------+-----------+-----------+-----------+------+--------------+------------------------------------------------------------------------------------+--------------+
; |subtrator-sd               ; 22 (4)            ; 0 (0)        ; 0                 ; 0            ; 0       ; 0         ; 0         ; 0         ; 16   ; 0            ; |subtrator-sd                                                                      ; work         ;
;    |cmpl-2-or-not:inst31|   ; 6 (0)             ; 0 (0)        ; 0                 ; 0            ; 0       ; 0         ; 0         ; 0         ; 0    ; 0            ; |subtrator-sd|cmpl-2-or-not:inst31                                                 ; work         ;
;       |compl-2-sd:inst18|   ; 1 (0)             ; 0 (0)        ; 0                 ; 0            ; 0       ; 0         ; 0         ; 0         ; 0    ; 0            ; |subtrator-sd|cmpl-2-or-not:inst31|compl-2-sd:inst18                               ; work         ;
;          |sum-4-bit:inst8|  ; 1 (0)             ; 0 (0)        ; 0                 ; 0            ; 0       ; 0         ; 0         ; 0         ; 0    ; 0            ; |subtrator-sd|cmpl-2-or-not:inst31|compl-2-sd:inst18|sum-4-bit:inst8               ; work         ;
;             |sum-bit:inst6| ; 1 (1)             ; 0 (0)        ; 0                 ; 0            ; 0       ; 0         ; 0         ; 0         ; 0    ; 0            ; |subtrator-sd|cmpl-2-or-not:inst31|compl-2-sd:inst18|sum-4-bit:inst8|sum-bit:inst6 ; work         ;
;       |demux-4-sd:inst|     ; 5 (5)             ; 0 (0)        ; 0                 ; 0            ; 0       ; 0         ; 0         ; 0         ; 0    ; 0            ; |subtrator-sd|cmpl-2-or-not:inst31|demux-4-sd:inst                                 ; work         ;
;    |cmpl-2-or-not:inst32|   ; 3 (0)             ; 0 (0)        ; 0                 ; 0            ; 0       ; 0         ; 0         ; 0         ; 0    ; 0            ; |subtrator-sd|cmpl-2-or-not:inst32                                                 ; work         ;
;       |demux-4-sd:inst|     ; 3 (3)             ; 0 (0)        ; 0                 ; 0            ; 0       ; 0         ; 0         ; 0         ; 0    ; 0            ; |subtrator-sd|cmpl-2-or-not:inst32|demux-4-sd:inst                                 ; work         ;
;    |comparador-sd:inst15|   ; 3 (3)             ; 0 (0)        ; 0                 ; 0            ; 0       ; 0         ; 0         ; 0         ; 0    ; 0            ; |subtrator-sd|comparador-sd:inst15                                                 ; work         ;
;    |sum-4-bit:inst1|        ; 6 (0)             ; 0 (0)        ; 0                 ; 0            ; 0       ; 0         ; 0         ; 0         ; 0    ; 0            ; |subtrator-sd|sum-4-bit:inst1                                                      ; work         ;
;       |sum-bit:inst4|       ; 2 (2)             ; 0 (0)        ; 0                 ; 0            ; 0       ; 0         ; 0         ; 0         ; 0    ; 0            ; |subtrator-sd|sum-4-bit:inst1|sum-bit:inst4                                        ; work         ;
;       |sum-bit:inst5|       ; 2 (2)             ; 0 (0)        ; 0                 ; 0            ; 0       ; 0         ; 0         ; 0         ; 0    ; 0            ; |subtrator-sd|sum-4-bit:inst1|sum-bit:inst5                                        ; work         ;
;       |sum-bit:inst6|       ; 2 (2)             ; 0 (0)        ; 0                 ; 0            ; 0       ; 0         ; 0         ; 0         ; 0    ; 0            ; |subtrator-sd|sum-4-bit:inst1|sum-bit:inst6                                        ; work         ;
+-----------------------------+-------------------+--------------+-------------------+--------------+---------+-----------+-----------+-----------+------+--------------+------------------------------------------------------------------------------------+--------------+
Note: For table entries with two numbers listed, the numbers in parentheses indicate the number of resources of the given type used by the specific entity alone. The numbers listed outside of parentheses indicate the total resources of the given type used by the specific entity and all of its sub-entities in the hierarchy.


+------------------------------------------------------+
; General Register Statistics                          ;
+----------------------------------------------+-------+
; Statistic                                    ; Value ;
+----------------------------------------------+-------+
; Total registers                              ; 0     ;
; Number of registers using Synchronous Clear  ; 0     ;
; Number of registers using Synchronous Load   ; 0     ;
; Number of registers using Asynchronous Clear ; 0     ;
; Number of registers using Asynchronous Load  ; 0     ;
; Number of registers using Clock Enable       ; 0     ;
; Number of registers using Preset             ; 0     ;
+----------------------------------------------+-------+


+-------------------------------+
; Elapsed Time Per Partition    ;
+----------------+--------------+
; Partition Name ; Elapsed Time ;
+----------------+--------------+
; Top            ; 00:00:03     ;
+----------------+--------------+


+-------------------------------+
; Analysis & Synthesis Messages ;
+-------------------------------+
Info: *******************************************************************
Info: Running Quartus II 64-Bit Analysis & Synthesis
    Info: Version 13.0.1 Build 232 06/12/2013 Service Pack 1 SJ Web Edition
    Info: Processing started: Tue Oct 04 08:07:32 2016
Info: Command: quartus_map --read_settings_files=on --write_settings_files=off ula-sd -c ula-sd
Warning (20028): Parallel compilation is not licensed and has been disabled
Info (12021): Found 1 design units, including 1 entities, in source file subtrator-sd.bdf
    Info (12023): Found entity 1: subtrator-sd
Info (12021): Found 1 design units, including 1 entities, in source file comparador-sd.bdf
    Info (12023): Found entity 1: comparador-sd
Info (12021): Found 1 design units, including 1 entities, in source file compl-2-sd.bdf
    Info (12023): Found entity 1: compl-2-sd
Info (12021): Found 1 design units, including 1 entities, in source file sum-bit.bdf
    Info (12023): Found entity 1: sum-bit
Info (12021): Found 1 design units, including 1 entities, in source file sum-4-bit.bdf
    Info (12023): Found entity 1: sum-4-bit
Info (12021): Found 1 design units, including 1 entities, in source file demux-4-sd.bdf
    Info (12023): Found entity 1: demux-4-sd
Info (12021): Found 1 design units, including 1 entities, in source file cmpl-2-or-not.bdf
    Info (12023): Found entity 1: cmpl-2-or-not
Info (12021): Found 1 design units, including 1 entities, in source file sum-or-sub2-nums-4-bit.bdf
    Info (12023): Found entity 1: sum-or-sub2-nums-4-bit
Info (12127): Elaborating entity "subtrator-sd" for the top level hierarchy
Info (12128): Elaborating entity "sum-4-bit" for hierarchy "sum-4-bit:inst1"
Info (12128): Elaborating entity "sum-bit" for hierarchy "sum-4-bit:inst1|sum-bit:inst6"
Info (12128): Elaborating entity "cmpl-2-or-not" for hierarchy "cmpl-2-or-not:inst32"
Info (12128): Elaborating entity "demux-4-sd" for hierarchy "cmpl-2-or-not:inst32|demux-4-sd:inst"
Info (12128): Elaborating entity "compl-2-sd" for hierarchy "cmpl-2-or-not:inst32|compl-2-sd:inst18"
Info (12128): Elaborating entity "comparador-sd" for hierarchy "comparador-sd:inst15"
Warning (275011): Block or symbol "NOR2" of instance "inst12" overlaps another block or symbol
Info (286030): Timing-Driven Synthesis is running
Warning (20013): Ignored assignments for entity "ula-sd" -- entity does not exist in design
    Warning (20014): Assignment for entity set_global_assignment -name LL_ROOT_REGION ON -entity "ula-sd" -section_id "Root Region" was ignored
    Warning (20014): Assignment for entity set_global_assignment -name LL_MEMBER_STATE LOCKED -entity "ula-sd" -section_id "Root Region" was ignored
Info (16010): Generating hard_block partition "hard_block:auto_generated_inst"
    Info (16011): Adding 0 node(s), including 0 DDIO, 0 PLL, 0 transceiver and 0 LCELL
Info (21057): Implemented 38 device resources after synthesis - the final resource count might be different
    Info (21058): Implemented 10 input pins
    Info (21059): Implemented 6 output pins
    Info (21061): Implemented 22 logic cells
Info: Quartus II 64-Bit Analysis & Synthesis was successful. 0 errors, 5 warnings
    Info: Peak virtual memory: 537 megabytes
    Info: Processing ended: Tue Oct 04 08:07:44 2016
    Info: Elapsed time: 00:00:12
    Info: Total CPU time (on all processors): 00:00:04


